The system is: Linux - 3.10.0-1160.119.1.el7.x86_64 - x86_64
Checking whether the CUDA compiler is NVIDIA using "" matched "nvcc: NVIDIA \(R\) Cuda compiler driver":
nvcc: NVIDIA (R) Cuda compiler driver
Copyright (c) 2005-2020 NVIDIA Corporation
Built on Mon_Nov_30_19:08:53_PST_2020
Cuda compilation tools, release 11.2, V11.2.67
Build cuda_11.2.r11.2/compiler.29373293_0
Checking whether the CUDA compiler is NVIDIA using "" matched "nvcc: NVIDIA \(R\) Cuda compiler driver":
nvcc: NVIDIA (R) Cuda compiler driver
Copyright (c) 2005-2020 NVIDIA Corporation
Built on Mon_Nov_30_19:08:53_PST_2020
Cuda compilation tools, release 11.2, V11.2.67
Build cuda_11.2.r11.2/compiler.29373293_0
Compiling the CUDA compiler identification source file "CMakeCUDACompilerId.cu" succeeded.
Compiler: /usr/local/cuda/bin/nvcc 
Build flags: 
Id flags: --keep;--keep-dir;tmp -v

The output was:
0
#$ _NVVM_BRANCH_=nvvm
#$ _SPACE_= 
#$ _CUDART_=cudart
#$ _HERE_=/usr/local/cuda/bin
#$ _THERE_=/usr/local/cuda/bin
#$ _TARGET_SIZE_=
#$ _TARGET_DIR_=
#$ _TARGET_DIR_=targets/x86_64-linux
#$ TOP=/usr/local/cuda/bin/..
#$ NVVMIR_LIBRARY_DIR=/usr/local/cuda/bin/../nvvm/libdevice
#$ LD_LIBRARY_PATH=/usr/local/cuda/bin/../lib:/usr/local/cuda/lib64:/usr/local/cuda/lib64:
#$ PATH=/usr/local/cuda/bin/../nvvm/bin:/usr/local/cuda/bin:/usr/local/cuda/bin:/usr/local/sbin:/usr/local/bin:/usr/sbin:/usr/bin:/root/bin:/usr/local/go/bin:/usr/local/cuda/include/
#$ INCLUDES="-I/usr/local/cuda/bin/../targets/x86_64-linux/include"  
#$ LIBRARIES=  "-L/usr/local/cuda/bin/../targets/x86_64-linux/lib/stubs" "-L/usr/local/cuda/bin/../targets/x86_64-linux/lib"
#$ CUDAFE_FLAGS=
#$ PTXAS_FLAGS=
#$ rm tmp/a_dlink.reg.c
#$ gcc -D__CUDA_ARCH__=520 -E -x c++  -DCUDA_DOUBLE_MATH_FUNCTIONS -D__CUDACC__ -D__NVCC__  "-I/usr/local/cuda/bin/../targets/x86_64-linux/include"    -D__CUDACC_VER_MAJOR__=11 -D__CUDACC_VER_MINOR__=2 -D__CUDACC_VER_BUILD__=67 -D__CUDA_API_VER_MAJOR__=11 -D__CUDA_API_VER_MINOR__=2 -include "cuda_runtime.h" -m64 "CMakeCUDACompilerId.cu" -o "tmp/CMakeCUDACompilerId.cpp1.ii" 
#$ cicc --c++14 --gnu_version=80500 --orig_src_file_name "CMakeCUDACompilerId.cu" --allow_managed   -arch compute_52 -m64 --no-version-ident -ftz=0 -prec_div=1 -prec_sqrt=1 -fmad=1 --include_file_name "CMakeCUDACompilerId.fatbin.c" -tused --gen_module_id_file --module_id_file_name "tmp/CMakeCUDACompilerId.module_id" --gen_c_file_name "tmp/CMakeCUDACompilerId.cudafe1.c" --stub_file_name "tmp/CMakeCUDACompilerId.cudafe1.stub.c" --gen_device_file_name "tmp/CMakeCUDACompilerId.cudafe1.gpu"  "tmp/CMakeCUDACompilerId.cpp1.ii" -o "tmp/CMakeCUDACompilerId.ptx"
#$ ptxas -arch=sm_52 -m64  "tmp/CMakeCUDACompilerId.ptx"  -o "tmp/CMakeCUDACompilerId.sm_52.cubin" 
#$ fatbinary --create="tmp/CMakeCUDACompilerId.fatbin" -64 --cicc-cmdline="-ftz=0 -prec_div=1 -prec_sqrt=1 -fmad=1 " "--image3=kind=elf,sm=52,file=tmp/CMakeCUDACompilerId.sm_52.cubin" "--image3=kind=ptx,sm=52,file=tmp/CMakeCUDACompilerId.ptx" --embedded-fatbin="tmp/CMakeCUDACompilerId.fatbin.c" 
#$ gcc -E -x c++ -D__CUDACC__ -D__NVCC__  "-I/usr/local/cuda/bin/../targets/x86_64-linux/include"    -D__CUDACC_VER_MAJOR__=11 -D__CUDACC_VER_MINOR__=2 -D__CUDACC_VER_BUILD__=67 -D__CUDA_API_VER_MAJOR__=11 -D__CUDA_API_VER_MINOR__=2 -include "cuda_runtime.h" -m64 "CMakeCUDACompilerId.cu" -o "tmp/CMakeCUDACompilerId.cpp4.ii" 
#$ cudafe++ --c++14 --gnu_version=80500 --orig_src_file_name "CMakeCUDACompilerId.cu" --allow_managed  --m64 --parse_templates --gen_c_file_name "tmp/CMakeCUDACompilerId.cudafe1.cpp" --stub_file_name "CMakeCUDACompilerId.cudafe1.stub.c" --module_id_file_name "tmp/CMakeCUDACompilerId.module_id" "tmp/CMakeCUDACompilerId.cpp4.ii" 
#$ gcc -D__CUDA_ARCH__=520 -c -x c++  -DCUDA_DOUBLE_MATH_FUNCTIONS "-I/usr/local/cuda/bin/../targets/x86_64-linux/include"   -m64 "tmp/CMakeCUDACompilerId.cudafe1.cpp" -o "tmp/CMakeCUDACompilerId.o" 
#$ nvlink --arch=sm_52 --register-link-binaries="tmp/a_dlink.reg.c"  -m64   "-L/usr/local/cuda/bin/../targets/x86_64-linux/lib/stubs" "-L/usr/local/cuda/bin/../targets/x86_64-linux/lib" -cpu-arch=X86_64 "tmp/CMakeCUDACompilerId.o"  -lcudadevrt  -o "tmp/a_dlink.sm_52.cubin"
#$ fatbinary --create="tmp/a_dlink.fatbin" -64 --cicc-cmdline="-ftz=0 -prec_div=1 -prec_sqrt=1 -fmad=1 " -link "--image3=kind=elf,sm=52,file=tmp/a_dlink.sm_52.cubin" --embedded-fatbin="tmp/a_dlink.fatbin.c" 
#$ gcc -c -x c++ -DFATBINFILE="\"tmp/a_dlink.fatbin.c\"" -DREGISTERLINKBINARYFILE="\"tmp/a_dlink.reg.c\"" -I. -D__NV_EXTRA_INITIALIZATION= -D__NV_EXTRA_FINALIZATION= -D__CUDA_INCLUDE_COMPILER_INTERNAL_HEADERS__  "-I/usr/local/cuda/bin/../targets/x86_64-linux/include"    -D__CUDACC_VER_MAJOR__=11 -D__CUDACC_VER_MINOR__=2 -D__CUDACC_VER_BUILD__=67 -D__CUDA_API_VER_MAJOR__=11 -D__CUDA_API_VER_MINOR__=2 -m64 "/usr/local/cuda/bin/crt/link.stub" -o "tmp/a_dlink.o" 
#$ g++ -m64 -Wl,--start-group "tmp/a_dlink.o" "tmp/CMakeCUDACompilerId.o"   "-L/usr/local/cuda/bin/../targets/x86_64-linux/lib/stubs" "-L/usr/local/cuda/bin/../targets/x86_64-linux/lib"  -lcudadevrt  -lcudart_static  -lrt -lpthread  -ldl  -Wl,--end-group -o "a.out" 


Compilation of the CUDA compiler identification source "CMakeCUDACompilerId.cu" produced "a.out"

The CUDA compiler identification is NVIDIA, found in "/home/starplat/baselines/DRONE2/DRONE/src/cuda/build/CMakeFiles/3.20.6/CompilerIdCUDA/a.out"

Parsed CUDA nvcc implicit link information from above output:
  found 'PATH=' string: [/usr/local/cuda/bin/../nvvm/bin:/usr/local/cuda/bin:/usr/local/cuda/bin:/usr/local/sbin:/usr/local/bin:/usr/sbin:/usr/bin:/root/bin:/usr/local/go/bin:/usr/local/cuda/include/]
  found 'LIBRARIES=' string: ["-L/usr/local/cuda/bin/../targets/x86_64-linux/lib/stubs" "-L/usr/local/cuda/bin/../targets/x86_64-linux/lib"]
  considering line: [#$ rm tmp/a_dlink.reg.c]
  considering line: [gcc -D__CUDA_ARCH__=520 -E -x c++  -DCUDA_DOUBLE_MATH_FUNCTIONS -D__CUDACC__ -D__NVCC__  "-I/usr/local/cuda/bin/../targets/x86_64-linux/include"    -D__CUDACC_VER_MAJOR__=11 -D__CUDACC_VER_MINOR__=2 -D__CUDACC_VER_BUILD__=67 -D__CUDA_API_VER_MAJOR__=11 -D__CUDA_API_VER_MINOR__=2 -include "cuda_runtime.h" -m64 "CMakeCUDACompilerId.cu" -o "tmp/CMakeCUDACompilerId.cpp1.ii" ]
  considering line: [cicc --c++14 --gnu_version=80500 --orig_src_file_name "CMakeCUDACompilerId.cu" --allow_managed   -arch compute_52 -m64 --no-version-ident -ftz=0 -prec_div=1 -prec_sqrt=1 -fmad=1 --include_file_name "CMakeCUDACompilerId.fatbin.c" -tused --gen_module_id_file --module_id_file_name "tmp/CMakeCUDACompilerId.module_id" --gen_c_file_name "tmp/CMakeCUDACompilerId.cudafe1.c" --stub_file_name "tmp/CMakeCUDACompilerId.cudafe1.stub.c" --gen_device_file_name "tmp/CMakeCUDACompilerId.cudafe1.gpu"  "tmp/CMakeCUDACompilerId.cpp1.ii" -o "tmp/CMakeCUDACompilerId.ptx"]
  considering line: [ptxas -arch=sm_52 -m64  "tmp/CMakeCUDACompilerId.ptx"  -o "tmp/CMakeCUDACompilerId.sm_52.cubin" ]
  considering line: [fatbinary --create="tmp/CMakeCUDACompilerId.fatbin" -64 --cicc-cmdline="-ftz=0 -prec_div=1 -prec_sqrt=1 -fmad=1 " "--image3=kind=elf,sm=52,file=tmp/CMakeCUDACompilerId.sm_52.cubin" "--image3=kind=ptx,sm=52,file=tmp/CMakeCUDACompilerId.ptx" --embedded-fatbin="tmp/CMakeCUDACompilerId.fatbin.c" ]
  considering line: [gcc -E -x c++ -D__CUDACC__ -D__NVCC__  "-I/usr/local/cuda/bin/../targets/x86_64-linux/include"    -D__CUDACC_VER_MAJOR__=11 -D__CUDACC_VER_MINOR__=2 -D__CUDACC_VER_BUILD__=67 -D__CUDA_API_VER_MAJOR__=11 -D__CUDA_API_VER_MINOR__=2 -include "cuda_runtime.h" -m64 "CMakeCUDACompilerId.cu" -o "tmp/CMakeCUDACompilerId.cpp4.ii" ]
  considering line: [cudafe++ --c++14 --gnu_version=80500 --orig_src_file_name "CMakeCUDACompilerId.cu" --allow_managed  --m64 --parse_templates --gen_c_file_name "tmp/CMakeCUDACompilerId.cudafe1.cpp" --stub_file_name "CMakeCUDACompilerId.cudafe1.stub.c" --module_id_file_name "tmp/CMakeCUDACompilerId.module_id" "tmp/CMakeCUDACompilerId.cpp4.ii" ]
  considering line: [gcc -D__CUDA_ARCH__=520 -c -x c++  -DCUDA_DOUBLE_MATH_FUNCTIONS "-I/usr/local/cuda/bin/../targets/x86_64-linux/include"   -m64 "tmp/CMakeCUDACompilerId.cudafe1.cpp" -o "tmp/CMakeCUDACompilerId.o" ]
  considering line: [nvlink --arch=sm_52 --register-link-binaries="tmp/a_dlink.reg.c"  -m64   "-L/usr/local/cuda/bin/../targets/x86_64-linux/lib/stubs" "-L/usr/local/cuda/bin/../targets/x86_64-linux/lib" -cpu-arch=X86_64 "tmp/CMakeCUDACompilerId.o"  -lcudadevrt  -o "tmp/a_dlink.sm_52.cubin"]
    ignoring nvlink line
  considering line: [fatbinary --create="tmp/a_dlink.fatbin" -64 --cicc-cmdline="-ftz=0 -prec_div=1 -prec_sqrt=1 -fmad=1 " -link "--image3=kind=elf,sm=52,file=tmp/a_dlink.sm_52.cubin" --embedded-fatbin="tmp/a_dlink.fatbin.c" ]
  considering line: [gcc -c -x c++ -DFATBINFILE="\"tmp/a_dlink.fatbin.c\"" -DREGISTERLINKBINARYFILE="\"tmp/a_dlink.reg.c\"" -I. -D__NV_EXTRA_INITIALIZATION= -D__NV_EXTRA_FINALIZATION= -D__CUDA_INCLUDE_COMPILER_INTERNAL_HEADERS__  "-I/usr/local/cuda/bin/../targets/x86_64-linux/include"    -D__CUDACC_VER_MAJOR__=11 -D__CUDACC_VER_MINOR__=2 -D__CUDACC_VER_BUILD__=67 -D__CUDA_API_VER_MAJOR__=11 -D__CUDA_API_VER_MINOR__=2 -m64 "/usr/local/cuda/bin/crt/link.stub" -o "tmp/a_dlink.o" ]
  considering line: [g++ -m64 -Wl,--start-group "tmp/a_dlink.o" "tmp/CMakeCUDACompilerId.o"   "-L/usr/local/cuda/bin/../targets/x86_64-linux/lib/stubs" "-L/usr/local/cuda/bin/../targets/x86_64-linux/lib"  -lcudadevrt  -lcudart_static  -lrt -lpthread  -ldl  -Wl,--end-group -o "a.out" ]
    extracted link line: [g++ -m64 -Wl,--start-group "tmp/a_dlink.o" "tmp/CMakeCUDACompilerId.o"   "-L/usr/local/cuda/bin/../targets/x86_64-linux/lib/stubs" "-L/usr/local/cuda/bin/../targets/x86_64-linux/lib"  -lcudadevrt  -lcudart_static  -lrt -lpthread  -ldl  -Wl,--end-group -o "a.out" ]
  considering line: []
  extracted link launcher name: [g++]
  found link launcher absolute path: [/usr/bin/g++]

  link line regex: [^( *|.*[/\])(ld|CMAKE_LINK_STARTFILE-NOTFOUND|([^/\]+-)?ld|collect2)[^/\]*( |$)]
  link line: [cuda-fake-ld g++ -m64 -Wl,--start-group "tmp/a_dlink.o" "tmp/CMakeCUDACompilerId.o"   "-L/usr/local/cuda/bin/../targets/x86_64-linux/lib/stubs" "-L/usr/local/cuda/bin/../targets/x86_64-linux/lib"  -lcudadevrt  -lcudart_static  -lrt -lpthread  -ldl  -Wl,--end-group -o "a.out" ]
    arg [cuda-fake-ld] ==> ignore
    arg [g++] ==> ignore
    arg [-m64] ==> ignore
    arg [-Wl,--start-group] ==> ignore
    arg [tmp/a_dlink.o] ==> ignore
    arg [tmp/CMakeCUDACompilerId.o] ==> ignore
    arg [-L/usr/local/cuda/bin/../targets/x86_64-linux/lib/stubs] ==> dir [/usr/local/cuda/bin/../targets/x86_64-linux/lib/stubs]
    arg [-L/usr/local/cuda/bin/../targets/x86_64-linux/lib] ==> dir [/usr/local/cuda/bin/../targets/x86_64-linux/lib]
    arg [-lcudadevrt] ==> lib [cudadevrt]
    arg [-lcudart_static] ==> lib [cudart_static]
    arg [-lrt] ==> lib [rt]
    arg [-lpthread] ==> lib [pthread]
    arg [-ldl] ==> lib [dl]
    arg [-Wl,--end-group] ==> ignore
    arg [-o] ==> ignore
    arg [a.out] ==> ignore
  collapse library dir [/usr/local/cuda/bin/../targets/x86_64-linux/lib/stubs] ==> [/usr/local/cuda/targets/x86_64-linux/lib/stubs]
  collapse library dir [/usr/local/cuda/bin/../targets/x86_64-linux/lib] ==> [/usr/local/cuda/targets/x86_64-linux/lib]
  implicit libs: [cudadevrt;cudart_static;rt;pthread;dl]
  implicit objs: []
  implicit dirs: [/usr/local/cuda/targets/x86_64-linux/lib/stubs;/usr/local/cuda/targets/x86_64-linux/lib]
  implicit fwks: []


Parsed CUDA nvcc include information from above output:
  found 'PATH=' string: [/usr/local/cuda/bin/../nvvm/bin:/usr/local/cuda/bin:/usr/local/cuda/bin:/usr/local/sbin:/usr/local/bin:/usr/sbin:/usr/bin:/root/bin:/usr/local/go/bin:/usr/local/cuda/include/]
  found 'LIBRARIES=' string: ["-L/usr/local/cuda/bin/../targets/x86_64-linux/lib/stubs" "-L/usr/local/cuda/bin/../targets/x86_64-linux/lib"]
  considering line: [#$ rm tmp/a_dlink.reg.c]
  considering line: [gcc -D__CUDA_ARCH__=520 -E -x c++  -DCUDA_DOUBLE_MATH_FUNCTIONS -D__CUDACC__ -D__NVCC__  "-I/usr/local/cuda/bin/../targets/x86_64-linux/include"    -D__CUDACC_VER_MAJOR__=11 -D__CUDACC_VER_MINOR__=2 -D__CUDACC_VER_BUILD__=67 -D__CUDA_API_VER_MAJOR__=11 -D__CUDA_API_VER_MINOR__=2 -include "cuda_runtime.h" -m64 "CMakeCUDACompilerId.cu" -o "tmp/CMakeCUDACompilerId.cpp1.ii" ]
  considering line: [cicc --c++14 --gnu_version=80500 --orig_src_file_name "CMakeCUDACompilerId.cu" --allow_managed   -arch compute_52 -m64 --no-version-ident -ftz=0 -prec_div=1 -prec_sqrt=1 -fmad=1 --include_file_name "CMakeCUDACompilerId.fatbin.c" -tused --gen_module_id_file --module_id_file_name "tmp/CMakeCUDACompilerId.module_id" --gen_c_file_name "tmp/CMakeCUDACompilerId.cudafe1.c" --stub_file_name "tmp/CMakeCUDACompilerId.cudafe1.stub.c" --gen_device_file_name "tmp/CMakeCUDACompilerId.cudafe1.gpu"  "tmp/CMakeCUDACompilerId.cpp1.ii" -o "tmp/CMakeCUDACompilerId.ptx"]
  considering line: [ptxas -arch=sm_52 -m64  "tmp/CMakeCUDACompilerId.ptx"  -o "tmp/CMakeCUDACompilerId.sm_52.cubin" ]
  considering line: [fatbinary --create="tmp/CMakeCUDACompilerId.fatbin" -64 --cicc-cmdline="-ftz=0 -prec_div=1 -prec_sqrt=1 -fmad=1 " "--image3=kind=elf,sm=52,file=tmp/CMakeCUDACompilerId.sm_52.cubin" "--image3=kind=ptx,sm=52,file=tmp/CMakeCUDACompilerId.ptx" --embedded-fatbin="tmp/CMakeCUDACompilerId.fatbin.c" ]
  considering line: [gcc -E -x c++ -D__CUDACC__ -D__NVCC__  "-I/usr/local/cuda/bin/../targets/x86_64-linux/include"    -D__CUDACC_VER_MAJOR__=11 -D__CUDACC_VER_MINOR__=2 -D__CUDACC_VER_BUILD__=67 -D__CUDA_API_VER_MAJOR__=11 -D__CUDA_API_VER_MINOR__=2 -include "cuda_runtime.h" -m64 "CMakeCUDACompilerId.cu" -o "tmp/CMakeCUDACompilerId.cpp4.ii" ]
  considering line: [cudafe++ --c++14 --gnu_version=80500 --orig_src_file_name "CMakeCUDACompilerId.cu" --allow_managed  --m64 --parse_templates --gen_c_file_name "tmp/CMakeCUDACompilerId.cudafe1.cpp" --stub_file_name "CMakeCUDACompilerId.cudafe1.stub.c" --module_id_file_name "tmp/CMakeCUDACompilerId.module_id" "tmp/CMakeCUDACompilerId.cpp4.ii" ]
  considering line: [gcc -D__CUDA_ARCH__=520 -c -x c++  -DCUDA_DOUBLE_MATH_FUNCTIONS "-I/usr/local/cuda/bin/../targets/x86_64-linux/include"   -m64 "tmp/CMakeCUDACompilerId.cudafe1.cpp" -o "tmp/CMakeCUDACompilerId.o" ]
  considering line: [nvlink --arch=sm_52 --register-link-binaries="tmp/a_dlink.reg.c"  -m64   "-L/usr/local/cuda/bin/../targets/x86_64-linux/lib/stubs" "-L/usr/local/cuda/bin/../targets/x86_64-linux/lib" -cpu-arch=X86_64 "tmp/CMakeCUDACompilerId.o"  -lcudadevrt  -o "tmp/a_dlink.sm_52.cubin"]
    ignoring nvlink line
  considering line: [fatbinary --create="tmp/a_dlink.fatbin" -64 --cicc-cmdline="-ftz=0 -prec_div=1 -prec_sqrt=1 -fmad=1 " -link "--image3=kind=elf,sm=52,file=tmp/a_dlink.sm_52.cubin" --embedded-fatbin="tmp/a_dlink.fatbin.c" ]
  considering line: [gcc -c -x c++ -DFATBINFILE="\"tmp/a_dlink.fatbin.c\"" -DREGISTERLINKBINARYFILE="\"tmp/a_dlink.reg.c\"" -I. -D__NV_EXTRA_INITIALIZATION= -D__NV_EXTRA_FINALIZATION= -D__CUDA_INCLUDE_COMPILER_INTERNAL_HEADERS__  "-I/usr/local/cuda/bin/../targets/x86_64-linux/include"    -D__CUDACC_VER_MAJOR__=11 -D__CUDACC_VER_MINOR__=2 -D__CUDACC_VER_BUILD__=67 -D__CUDA_API_VER_MAJOR__=11 -D__CUDA_API_VER_MINOR__=2 -m64 "/usr/local/cuda/bin/crt/link.stub" -o "tmp/a_dlink.o" ]
  considering line: [g++ -m64 -Wl,--start-group "tmp/a_dlink.o" "tmp/CMakeCUDACompilerId.o"   "-L/usr/local/cuda/bin/../targets/x86_64-linux/lib/stubs" "-L/usr/local/cuda/bin/../targets/x86_64-linux/lib"  -lcudadevrt  -lcudart_static  -lrt -lpthread  -ldl  -Wl,--end-group -o "a.out" ]
    extracted link line: [g++ -m64 -Wl,--start-group "tmp/a_dlink.o" "tmp/CMakeCUDACompilerId.o"   "-L/usr/local/cuda/bin/../targets/x86_64-linux/lib/stubs" "-L/usr/local/cuda/bin/../targets/x86_64-linux/lib"  -lcudadevrt  -lcudart_static  -lrt -lpthread  -ldl  -Wl,--end-group -o "a.out" ]
  considering line: []
  extracted link launcher name: [g++]
  found link launcher absolute path: [/usr/bin/g++]
  found 'INCLUDES=' string: ["-I/usr/local/cuda/bin/../targets/x86_64-linux/include"  ]

  link line regex: [^( *|.*[/\])(ld|CMAKE_LINK_STARTFILE-NOTFOUND|([^/\]+-)?ld|collect2)[^/\]*( |$)]
  link line: [cuda-fake-ld g++ -m64 -Wl,--start-group "tmp/a_dlink.o" "tmp/CMakeCUDACompilerId.o"   "-L/usr/local/cuda/bin/../targets/x86_64-linux/lib/stubs" "-L/usr/local/cuda/bin/../targets/x86_64-linux/lib"  -lcudadevrt  -lcudart_static  -lrt -lpthread  -ldl  -Wl,--end-group -o "a.out" ]
    arg [cuda-fake-ld] ==> ignore
    arg [g++] ==> ignore
    arg [-m64] ==> ignore
    arg [-Wl,--start-group] ==> ignore
    arg [tmp/a_dlink.o] ==> ignore
    arg [tmp/CMakeCUDACompilerId.o] ==> ignore
    arg [-L/usr/local/cuda/bin/../targets/x86_64-linux/lib/stubs] ==> dir [/usr/local/cuda/bin/../targets/x86_64-linux/lib/stubs]
    arg [-L/usr/local/cuda/bin/../targets/x86_64-linux/lib] ==> dir [/usr/local/cuda/bin/../targets/x86_64-linux/lib]
    arg [-lcudadevrt] ==> lib [cudadevrt]
    arg [-lcudart_static] ==> lib [cudart_static]
    arg [-lrt] ==> lib [rt]
    arg [-lpthread] ==> lib [pthread]
    arg [-ldl] ==> lib [dl]
    arg [-Wl,--end-group] ==> ignore
    arg [-o] ==> ignore
    arg [a.out] ==> ignore
  collapse library dir [/usr/local/cuda/bin/../targets/x86_64-linux/lib/stubs] ==> [/usr/local/cuda/targets/x86_64-linux/lib/stubs]
  collapse library dir [/usr/local/cuda/bin/../targets/x86_64-linux/lib] ==> [/usr/local/cuda/targets/x86_64-linux/lib]
  implicit libs: [cudadevrt;cudart_static;rt;pthread;dl]
  implicit objs: []
  implicit dirs: [/usr/local/cuda/targets/x86_64-linux/lib/stubs;/usr/local/cuda/targets/x86_64-linux/lib]
  implicit fwks: []


Detecting CUDA compiler ABI info compiled with the following output:
Change Dir: /home/starplat/baselines/DRONE2/DRONE/src/cuda/build/CMakeFiles/CMakeTmp

Run Build Command(s):/usr/bin/gmake -f Makefile cmTC_36b66/fast && /usr/bin/gmake  -f CMakeFiles/cmTC_36b66.dir/build.make CMakeFiles/cmTC_36b66.dir/build
gmake[1]: Entering directory `/home/starplat/baselines/DRONE2/DRONE/src/cuda/build/CMakeFiles/CMakeTmp'
Building CUDA object CMakeFiles/cmTC_36b66.dir/CMakeCUDACompilerABI.cu.o
/usr/local/cuda/bin/nvcc -forward-unknown-to-host-compiler   -Xcompiler=-v -MD -MT CMakeFiles/cmTC_36b66.dir/CMakeCUDACompilerABI.cu.o -MF CMakeFiles/cmTC_36b66.dir/CMakeCUDACompilerABI.cu.o.d -x cu -c /opt/cmake-3.20/share/cmake-3.20/Modules/CMakeCUDACompilerABI.cu -o CMakeFiles/cmTC_36b66.dir/CMakeCUDACompilerABI.cu.o
Using built-in specs.
COLLECT_GCC=gcc
Target: x86_64-pc-linux-gnu
Configured with: ../gcc-8.5.0/configure --prefix=/opt/gcc-8.5 --enable-languages=c,c++ --disable-multilib
Thread model: posix
gcc version 8.5.0 (GCC) 
COLLECT_GCC_OPTIONS='-D' '__CUDA_ARCH__=520' '-E' '-D' 'CUDA_DOUBLE_MATH_FUNCTIONS' '-D' '__CUDACC__' '-D' '__NVCC__' '-v' '-I' '/usr/local/cuda/bin/../targets/x86_64-linux/include' '-D' '__CUDACC_VER_MAJOR__=11' '-D' '__CUDACC_VER_MINOR__=2' '-D' '__CUDACC_VER_BUILD__=67' '-D' '__CUDA_API_VER_MAJOR__=11' '-D' '__CUDA_API_VER_MINOR__=2' '-include' 'cuda_runtime.h' '-m64' '-o' '/tmp/tmpxft_00002181_00000000-7_CMakeCUDACompilerABI.cpp1.ii' '-mtune=generic' '-march=x86-64'
 /opt/gcc-8.5/libexec/gcc/x86_64-pc-linux-gnu/8.5.0/cc1plus -E -quiet -v -I /usr/local/cuda/bin/../targets/x86_64-linux/include -D_GNU_SOURCE -D __CUDA_ARCH__=520 -D CUDA_DOUBLE_MATH_FUNCTIONS -D __CUDACC__ -D __NVCC__ -D __CUDACC_VER_MAJOR__=11 -D __CUDACC_VER_MINOR__=2 -D __CUDACC_VER_BUILD__=67 -D __CUDA_API_VER_MAJOR__=11 -D __CUDA_API_VER_MINOR__=2 -include cuda_runtime.h /opt/cmake-3.20/share/cmake-3.20/Modules/CMakeCUDACompilerABI.cu -o /tmp/tmpxft_00002181_00000000-7_CMakeCUDACompilerABI.cpp1.ii -m64 -mtune=generic -march=x86-64
ignoring nonexistent directory "/opt/gcc-8.5/lib/gcc/x86_64-pc-linux-gnu/8.5.0/../../../../x86_64-pc-linux-gnu/include"
#include "..." search starts here:
#include <...> search starts here:
 /usr/local/cuda/bin/../targets/x86_64-linux/include
 /opt/gcc-8.5/lib/gcc/x86_64-pc-linux-gnu/8.5.0/../../../../include/c++/8.5.0
 /opt/gcc-8.5/lib/gcc/x86_64-pc-linux-gnu/8.5.0/../../../../include/c++/8.5.0/x86_64-pc-linux-gnu
 /opt/gcc-8.5/lib/gcc/x86_64-pc-linux-gnu/8.5.0/../../../../include/c++/8.5.0/backward
 /opt/gcc-8.5/lib/gcc/x86_64-pc-linux-gnu/8.5.0/include
 /usr/local/include
 /opt/gcc-8.5/include
 /opt/gcc-8.5/lib/gcc/x86_64-pc-linux-gnu/8.5.0/include-fixed
 /usr/include
End of search list.
COMPILER_PATH=/opt/gcc-8.5/libexec/gcc/x86_64-pc-linux-gnu/8.5.0/:/opt/gcc-8.5/libexec/gcc/x86_64-pc-linux-gnu/8.5.0/:/opt/gcc-8.5/libexec/gcc/x86_64-pc-linux-gnu/:/opt/gcc-8.5/lib/gcc/x86_64-pc-linux-gnu/8.5.0/:/opt/gcc-8.5/lib/gcc/x86_64-pc-linux-gnu/
LIBRARY_PATH=/opt/gcc-8.5/lib/gcc/x86_64-pc-linux-gnu/8.5.0/:/opt/gcc-8.5/lib/gcc/x86_64-pc-linux-gnu/8.5.0/../../../../lib64/:/lib/../lib64/:/usr/lib/../lib64/:/opt/gcc-8.5/lib/gcc/x86_64-pc-linux-gnu/8.5.0/../../../:/lib/:/usr/lib/
COLLECT_GCC_OPTIONS='-D' '__CUDA_ARCH__=520' '-E' '-D' 'CUDA_DOUBLE_MATH_FUNCTIONS' '-D' '__CUDACC__' '-D' '__NVCC__' '-v' '-I' '/usr/local/cuda/bin/../targets/x86_64-linux/include' '-D' '__CUDACC_VER_MAJOR__=11' '-D' '__CUDACC_VER_MINOR__=2' '-D' '__CUDACC_VER_BUILD__=67' '-D' '__CUDA_API_VER_MAJOR__=11' '-D' '__CUDA_API_VER_MINOR__=2' '-include' 'cuda_runtime.h' '-m64' '-o' '/tmp/tmpxft_00002181_00000000-7_CMakeCUDACompilerABI.cpp1.ii' '-mtune=generic' '-march=x86-64'
Using built-in specs.
COLLECT_GCC=gcc
Target: x86_64-pc-linux-gnu
Configured with: ../gcc-8.5.0/configure --prefix=/opt/gcc-8.5 --enable-languages=c,c++ --disable-multilib
Thread model: posix
gcc version 8.5.0 (GCC) 
COLLECT_GCC_OPTIONS='-E' '-D' '__CUDACC__' '-D' '__NVCC__' '-v' '-I' '/usr/local/cuda/bin/../targets/x86_64-linux/include' '-D' '__CUDACC_VER_MAJOR__=11' '-D' '__CUDACC_VER_MINOR__=2' '-D' '__CUDACC_VER_BUILD__=67' '-D' '__CUDA_API_VER_MAJOR__=11' '-D' '__CUDA_API_VER_MINOR__=2' '-include' 'cuda_runtime.h' '-m64' '-o' '/tmp/tmpxft_00002181_00000000-5_CMakeCUDACompilerABI.cpp4.ii' '-mtune=generic' '-march=x86-64'
 /opt/gcc-8.5/libexec/gcc/x86_64-pc-linux-gnu/8.5.0/cc1plus -E -quiet -v -I /usr/local/cuda/bin/../targets/x86_64-linux/include -D_GNU_SOURCE -D __CUDACC__ -D __NVCC__ -D __CUDACC_VER_MAJOR__=11 -D __CUDACC_VER_MINOR__=2 -D __CUDACC_VER_BUILD__=67 -D __CUDA_API_VER_MAJOR__=11 -D __CUDA_API_VER_MINOR__=2 -include cuda_runtime.h /opt/cmake-3.20/share/cmake-3.20/Modules/CMakeCUDACompilerABI.cu -o /tmp/tmpxft_00002181_00000000-5_CMakeCUDACompilerABI.cpp4.ii -m64 -mtune=generic -march=x86-64
ignoring nonexistent directory "/opt/gcc-8.5/lib/gcc/x86_64-pc-linux-gnu/8.5.0/../../../../x86_64-pc-linux-gnu/include"
#include "..." search starts here:
#include <...> search starts here:
 /usr/local/cuda/bin/../targets/x86_64-linux/include
 /opt/gcc-8.5/lib/gcc/x86_64-pc-linux-gnu/8.5.0/../../../../include/c++/8.5.0
 /opt/gcc-8.5/lib/gcc/x86_64-pc-linux-gnu/8.5.0/../../../../include/c++/8.5.0/x86_64-pc-linux-gnu
 /opt/gcc-8.5/lib/gcc/x86_64-pc-linux-gnu/8.5.0/../../../../include/c++/8.5.0/backward
 /opt/gcc-8.5/lib/gcc/x86_64-pc-linux-gnu/8.5.0/include
 /usr/local/include
 /opt/gcc-8.5/include
 /opt/gcc-8.5/lib/gcc/x86_64-pc-linux-gnu/8.5.0/include-fixed
 /usr/include
End of search list.
COMPILER_PATH=/opt/gcc-8.5/libexec/gcc/x86_64-pc-linux-gnu/8.5.0/:/opt/gcc-8.5/libexec/gcc/x86_64-pc-linux-gnu/8.5.0/:/opt/gcc-8.5/libexec/gcc/x86_64-pc-linux-gnu/:/opt/gcc-8.5/lib/gcc/x86_64-pc-linux-gnu/8.5.0/:/opt/gcc-8.5/lib/gcc/x86_64-pc-linux-gnu/
LIBRARY_PATH=/opt/gcc-8.5/lib/gcc/x86_64-pc-linux-gnu/8.5.0/:/opt/gcc-8.5/lib/gcc/x86_64-pc-linux-gnu/8.5.0/../../../../lib64/:/lib/../lib64/:/usr/lib/../lib64/:/opt/gcc-8.5/lib/gcc/x86_64-pc-linux-gnu/8.5.0/../../../:/lib/:/usr/lib/
COLLECT_GCC_OPTIONS='-E' '-D' '__CUDACC__' '-D' '__NVCC__' '-v' '-I' '/usr/local/cuda/bin/../targets/x86_64-linux/include' '-D' '__CUDACC_VER_MAJOR__=11' '-D' '__CUDACC_VER_MINOR__=2' '-D' '__CUDACC_VER_BUILD__=67' '-D' '__CUDA_API_VER_MAJOR__=11' '-D' '__CUDA_API_VER_MINOR__=2' '-include' 'cuda_runtime.h' '-m64' '-o' '/tmp/tmpxft_00002181_00000000-5_CMakeCUDACompilerABI.cpp4.ii' '-mtune=generic' '-march=x86-64'
Using built-in specs.
COLLECT_GCC=gcc
Target: x86_64-pc-linux-gnu
Configured with: ../gcc-8.5.0/configure --prefix=/opt/gcc-8.5 --enable-languages=c,c++ --disable-multilib
Thread model: posix
gcc version 8.5.0 (GCC) 
COLLECT_GCC_OPTIONS='-D' '__CUDA_ARCH__=520' '-c' '-D' 'CUDA_DOUBLE_MATH_FUNCTIONS' '-v' '-I' '/usr/local/cuda/bin/../targets/x86_64-linux/include' '-m64' '-o' 'CMakeFiles/cmTC_36b66.dir/CMakeCUDACompilerABI.cu.o' '-mtune=generic' '-march=x86-64'
 /opt/gcc-8.5/libexec/gcc/x86_64-pc-linux-gnu/8.5.0/cc1plus -quiet -v -I /usr/local/cuda/bin/../targets/x86_64-linux/include -D_GNU_SOURCE -D __CUDA_ARCH__=520 -D CUDA_DOUBLE_MATH_FUNCTIONS /tmp/tmpxft_00002181_00000000-6_CMakeCUDACompilerABI.cudafe1.cpp -quiet -dumpbase tmpxft_00002181_00000000-6_CMakeCUDACompilerABI.cudafe1.cpp -m64 -mtune=generic -march=x86-64 -auxbase-strip CMakeFiles/cmTC_36b66.dir/CMakeCUDACompilerABI.cu.o -version -o /tmp/ccYkCM9f.s
GNU C++14 (GCC) version 8.5.0 (x86_64-pc-linux-gnu)
	compiled by GNU C version 8.5.0, GMP version 6.1.0, MPFR version 3.1.4, MPC version 1.0.3, isl version isl-0.18-GMP

GGC heuristics: --param ggc-min-expand=100 --param ggc-min-heapsize=131072
ignoring nonexistent directory "/opt/gcc-8.5/lib/gcc/x86_64-pc-linux-gnu/8.5.0/../../../../x86_64-pc-linux-gnu/include"
#include "..." search starts here:
#include <...> search starts here:
 /usr/local/cuda/bin/../targets/x86_64-linux/include
 /opt/gcc-8.5/lib/gcc/x86_64-pc-linux-gnu/8.5.0/../../../../include/c++/8.5.0
 /opt/gcc-8.5/lib/gcc/x86_64-pc-linux-gnu/8.5.0/../../../../include/c++/8.5.0/x86_64-pc-linux-gnu
 /opt/gcc-8.5/lib/gcc/x86_64-pc-linux-gnu/8.5.0/../../../../include/c++/8.5.0/backward
 /opt/gcc-8.5/lib/gcc/x86_64-pc-linux-gnu/8.5.0/include
 /usr/local/include
 /opt/gcc-8.5/include
 /opt/gcc-8.5/lib/gcc/x86_64-pc-linux-gnu/8.5.0/include-fixed
 /usr/include
End of search list.
GNU C++14 (GCC) version 8.5.0 (x86_64-pc-linux-gnu)
	compiled by GNU C version 8.5.0, GMP version 6.1.0, MPFR version 3.1.4, MPC version 1.0.3, isl version isl-0.18-GMP

GGC heuristics: --param ggc-min-expand=100 --param ggc-min-heapsize=131072
Compiler executable checksum: 631063b1f96afbeb3d4300019ed27981
COLLECT_GCC_OPTIONS='-D' '__CUDA_ARCH__=520' '-c' '-D' 'CUDA_DOUBLE_MATH_FUNCTIONS' '-v' '-I' '/usr/local/cuda/bin/../targets/x86_64-linux/include' '-m64' '-o' 'CMakeFiles/cmTC_36b66.dir/CMakeCUDACompilerABI.cu.o' '-mtune=generic' '-march=x86-64'
 as -v -I /usr/local/cuda/bin/../targets/x86_64-linux/include --64 -o CMakeFiles/cmTC_36b66.dir/CMakeCUDACompilerABI.cu.o /tmp/ccYkCM9f.s
GNU assembler version 2.27 (x86_64-redhat-linux) using BFD version version 2.27-44.base.el7_9.1
COMPILER_PATH=/opt/gcc-8.5/libexec/gcc/x86_64-pc-linux-gnu/8.5.0/:/opt/gcc-8.5/libexec/gcc/x86_64-pc-linux-gnu/8.5.0/:/opt/gcc-8.5/libexec/gcc/x86_64-pc-linux-gnu/:/opt/gcc-8.5/lib/gcc/x86_64-pc-linux-gnu/8.5.0/:/opt/gcc-8.5/lib/gcc/x86_64-pc-linux-gnu/
LIBRARY_PATH=/opt/gcc-8.5/lib/gcc/x86_64-pc-linux-gnu/8.5.0/:/opt/gcc-8.5/lib/gcc/x86_64-pc-linux-gnu/8.5.0/../../../../lib64/:/lib/../lib64/:/usr/lib/../lib64/:/opt/gcc-8.5/lib/gcc/x86_64-pc-linux-gnu/8.5.0/../../../:/lib/:/usr/lib/
COLLECT_GCC_OPTIONS='-D' '__CUDA_ARCH__=520' '-c' '-D' 'CUDA_DOUBLE_MATH_FUNCTIONS' '-v' '-I' '/usr/local/cuda/bin/../targets/x86_64-linux/include' '-m64' '-o' 'CMakeFiles/cmTC_36b66.dir/CMakeCUDACompilerABI.cu.o' '-mtune=generic' '-march=x86-64'
Linking CUDA executable cmTC_36b66
/opt/cmake-3.20/bin/cmake -E cmake_link_script CMakeFiles/cmTC_36b66.dir/link.txt --verbose=1
/usr/bin/g++  -v CMakeFiles/cmTC_36b66.dir/CMakeCUDACompilerABI.cu.o -o cmTC_36b66  -lcudadevrt -lcudart_static -lrt -lpthread -ldl  -L"/usr/local/cuda/targets/x86_64-linux/lib/stubs" -L"/usr/local/cuda/targets/x86_64-linux/lib"
Using built-in specs.
COLLECT_GCC=/usr/bin/g++
COLLECT_LTO_WRAPPER=/opt/gcc-8.5/libexec/gcc/x86_64-pc-linux-gnu/8.5.0/lto-wrapper
Target: x86_64-pc-linux-gnu
Configured with: ../gcc-8.5.0/configure --prefix=/opt/gcc-8.5 --enable-languages=c,c++ --disable-multilib
Thread model: posix
gcc version 8.5.0 (GCC) 
COMPILER_PATH=/opt/gcc-8.5/libexec/gcc/x86_64-pc-linux-gnu/8.5.0/:/opt/gcc-8.5/libexec/gcc/x86_64-pc-linux-gnu/8.5.0/:/opt/gcc-8.5/libexec/gcc/x86_64-pc-linux-gnu/:/opt/gcc-8.5/lib/gcc/x86_64-pc-linux-gnu/8.5.0/:/opt/gcc-8.5/lib/gcc/x86_64-pc-linux-gnu/
LIBRARY_PATH=/opt/gcc-8.5/lib/gcc/x86_64-pc-linux-gnu/8.5.0/:/opt/gcc-8.5/lib/gcc/x86_64-pc-linux-gnu/8.5.0/../../../../lib64/:/lib/../lib64/:/usr/lib/../lib64/:/opt/gcc-8.5/lib/gcc/x86_64-pc-linux-gnu/8.5.0/../../../:/lib/:/usr/lib/
COLLECT_GCC_OPTIONS='-v' '-o' 'cmTC_36b66' '-L/usr/local/cuda/targets/x86_64-linux/lib/stubs' '-L/usr/local/cuda/targets/x86_64-linux/lib' '-shared-libgcc' '-mtune=generic' '-march=x86-64'
 /opt/gcc-8.5/libexec/gcc/x86_64-pc-linux-gnu/8.5.0/collect2 -plugin /opt/gcc-8.5/libexec/gcc/x86_64-pc-linux-gnu/8.5.0/liblto_plugin.so -plugin-opt=/opt/gcc-8.5/libexec/gcc/x86_64-pc-linux-gnu/8.5.0/lto-wrapper -plugin-opt=-fresolution=/tmp/ccEKXlDs.res -plugin-opt=-pass-through=-lgcc_s -plugin-opt=-pass-through=-lgcc -plugin-opt=-pass-through=-lc -plugin-opt=-pass-through=-lgcc_s -plugin-opt=-pass-through=-lgcc --eh-frame-hdr -m elf_x86_64 -dynamic-linker /lib64/ld-linux-x86-64.so.2 -o cmTC_36b66 /lib/../lib64/crt1.o /lib/../lib64/crti.o /opt/gcc-8.5/lib/gcc/x86_64-pc-linux-gnu/8.5.0/crtbegin.o -L/usr/local/cuda/targets/x86_64-linux/lib/stubs -L/usr/local/cuda/targets/x86_64-linux/lib -L/opt/gcc-8.5/lib/gcc/x86_64-pc-linux-gnu/8.5.0 -L/opt/gcc-8.5/lib/gcc/x86_64-pc-linux-gnu/8.5.0/../../../../lib64 -L/lib/../lib64 -L/usr/lib/../lib64 -L/opt/gcc-8.5/lib/gcc/x86_64-pc-linux-gnu/8.5.0/../../.. CMakeFiles/cmTC_36b66.dir/CMakeCUDACompilerABI.cu.o -lcudadevrt -lcudart_static -lrt -lpthread -ldl -lstdc++ -lm -lgcc_s -lgcc -lc -lgcc_s -lgcc /opt/gcc-8.5/lib/gcc/x86_64-pc-linux-gnu/8.5.0/crtend.o /lib/../lib64/crtn.o
COLLECT_GCC_OPTIONS='-v' '-o' 'cmTC_36b66' '-L/usr/local/cuda/targets/x86_64-linux/lib/stubs' '-L/usr/local/cuda/targets/x86_64-linux/lib' '-shared-libgcc' '-mtune=generic' '-march=x86-64'
gmake[1]: Leaving directory `/home/starplat/baselines/DRONE2/DRONE/src/cuda/build/CMakeFiles/CMakeTmp'



Parsed CUDA implicit include dir info from above output: rv=done
  found start of include info
  found start of implicit include info
    add: [/usr/local/cuda/bin/../targets/x86_64-linux/include]
    add: [/opt/gcc-8.5/lib/gcc/x86_64-pc-linux-gnu/8.5.0/../../../../include/c++/8.5.0]
    add: [/opt/gcc-8.5/lib/gcc/x86_64-pc-linux-gnu/8.5.0/../../../../include/c++/8.5.0/x86_64-pc-linux-gnu]
    add: [/opt/gcc-8.5/lib/gcc/x86_64-pc-linux-gnu/8.5.0/../../../../include/c++/8.5.0/backward]
    add: [/opt/gcc-8.5/lib/gcc/x86_64-pc-linux-gnu/8.5.0/include]
    add: [/usr/local/include]
    add: [/opt/gcc-8.5/include]
    add: [/opt/gcc-8.5/lib/gcc/x86_64-pc-linux-gnu/8.5.0/include-fixed]
    add: [/usr/include]
  end of search list found
  collapse include dir [/usr/local/cuda/bin/../targets/x86_64-linux/include] ==> [/usr/local/cuda/targets/x86_64-linux/include]
  collapse include dir [/opt/gcc-8.5/lib/gcc/x86_64-pc-linux-gnu/8.5.0/../../../../include/c++/8.5.0] ==> [/opt/gcc-8.5/include/c++/8.5.0]
  collapse include dir [/opt/gcc-8.5/lib/gcc/x86_64-pc-linux-gnu/8.5.0/../../../../include/c++/8.5.0/x86_64-pc-linux-gnu] ==> [/opt/gcc-8.5/include/c++/8.5.0/x86_64-pc-linux-gnu]
  collapse include dir [/opt/gcc-8.5/lib/gcc/x86_64-pc-linux-gnu/8.5.0/../../../../include/c++/8.5.0/backward] ==> [/opt/gcc-8.5/include/c++/8.5.0/backward]
  collapse include dir [/opt/gcc-8.5/lib/gcc/x86_64-pc-linux-gnu/8.5.0/include] ==> [/opt/gcc-8.5/lib/gcc/x86_64-pc-linux-gnu/8.5.0/include]
  collapse include dir [/usr/local/include] ==> [/usr/local/include]
  collapse include dir [/opt/gcc-8.5/include] ==> [/opt/gcc-8.5/include]
  collapse include dir [/opt/gcc-8.5/lib/gcc/x86_64-pc-linux-gnu/8.5.0/include-fixed] ==> [/opt/gcc-8.5/lib/gcc/x86_64-pc-linux-gnu/8.5.0/include-fixed]
  collapse include dir [/usr/include] ==> [/usr/include]
  implicit include dirs: [/usr/local/cuda/targets/x86_64-linux/include;/opt/gcc-8.5/include/c++/8.5.0;/opt/gcc-8.5/include/c++/8.5.0/x86_64-pc-linux-gnu;/opt/gcc-8.5/include/c++/8.5.0/backward;/opt/gcc-8.5/lib/gcc/x86_64-pc-linux-gnu/8.5.0/include;/usr/local/include;/opt/gcc-8.5/include;/opt/gcc-8.5/lib/gcc/x86_64-pc-linux-gnu/8.5.0/include-fixed;/usr/include]


Parsed CUDA implicit link information from above output:
  link line regex: [^( *|.*[/\])(ld|CMAKE_LINK_STARTFILE-NOTFOUND|([^/\]+-)?ld|collect2)[^/\]*( |$)]
  ignore line: [Change Dir: /home/starplat/baselines/DRONE2/DRONE/src/cuda/build/CMakeFiles/CMakeTmp]
  ignore line: []
  ignore line: [Run Build Command(s):/usr/bin/gmake -f Makefile cmTC_36b66/fast && /usr/bin/gmake  -f CMakeFiles/cmTC_36b66.dir/build.make CMakeFiles/cmTC_36b66.dir/build]
  ignore line: [gmake[1]: Entering directory `/home/starplat/baselines/DRONE2/DRONE/src/cuda/build/CMakeFiles/CMakeTmp']
  ignore line: [Building CUDA object CMakeFiles/cmTC_36b66.dir/CMakeCUDACompilerABI.cu.o]
  ignore line: [/usr/local/cuda/bin/nvcc -forward-unknown-to-host-compiler   -Xcompiler=-v -MD -MT CMakeFiles/cmTC_36b66.dir/CMakeCUDACompilerABI.cu.o -MF CMakeFiles/cmTC_36b66.dir/CMakeCUDACompilerABI.cu.o.d -x cu -c /opt/cmake-3.20/share/cmake-3.20/Modules/CMakeCUDACompilerABI.cu -o CMakeFiles/cmTC_36b66.dir/CMakeCUDACompilerABI.cu.o]
  ignore line: [Using built-in specs.]
  ignore line: [COLLECT_GCC=gcc]
  ignore line: [Target: x86_64-pc-linux-gnu]
  ignore line: [Configured with: ../gcc-8.5.0/configure --prefix=/opt/gcc-8.5 --enable-languages=c c++ --disable-multilib]
  ignore line: [Thread model: posix]
  ignore line: [gcc version 8.5.0 (GCC) ]
  ignore line: [COLLECT_GCC_OPTIONS='-D' '__CUDA_ARCH__=520' '-E' '-D' 'CUDA_DOUBLE_MATH_FUNCTIONS' '-D' '__CUDACC__' '-D' '__NVCC__' '-v' '-I' '/usr/local/cuda/bin/../targets/x86_64-linux/include' '-D' '__CUDACC_VER_MAJOR__=11' '-D' '__CUDACC_VER_MINOR__=2' '-D' '__CUDACC_VER_BUILD__=67' '-D' '__CUDA_API_VER_MAJOR__=11' '-D' '__CUDA_API_VER_MINOR__=2' '-include' 'cuda_runtime.h' '-m64' '-o' '/tmp/tmpxft_00002181_00000000-7_CMakeCUDACompilerABI.cpp1.ii' '-mtune=generic' '-march=x86-64']
  ignore line: [ /opt/gcc-8.5/libexec/gcc/x86_64-pc-linux-gnu/8.5.0/cc1plus -E -quiet -v -I /usr/local/cuda/bin/../targets/x86_64-linux/include -D_GNU_SOURCE -D __CUDA_ARCH__=520 -D CUDA_DOUBLE_MATH_FUNCTIONS -D __CUDACC__ -D __NVCC__ -D __CUDACC_VER_MAJOR__=11 -D __CUDACC_VER_MINOR__=2 -D __CUDACC_VER_BUILD__=67 -D __CUDA_API_VER_MAJOR__=11 -D __CUDA_API_VER_MINOR__=2 -include cuda_runtime.h /opt/cmake-3.20/share/cmake-3.20/Modules/CMakeCUDACompilerABI.cu -o /tmp/tmpxft_00002181_00000000-7_CMakeCUDACompilerABI.cpp1.ii -m64 -mtune=generic -march=x86-64]
  ignore line: [ignoring nonexistent directory "/opt/gcc-8.5/lib/gcc/x86_64-pc-linux-gnu/8.5.0/../../../../x86_64-pc-linux-gnu/include"]
  ignore line: [#include "..." search starts here:]
  ignore line: [#include <...> search starts here:]
  ignore line: [ /usr/local/cuda/bin/../targets/x86_64-linux/include]
  ignore line: [ /opt/gcc-8.5/lib/gcc/x86_64-pc-linux-gnu/8.5.0/../../../../include/c++/8.5.0]
  ignore line: [ /opt/gcc-8.5/lib/gcc/x86_64-pc-linux-gnu/8.5.0/../../../../include/c++/8.5.0/x86_64-pc-linux-gnu]
  ignore line: [ /opt/gcc-8.5/lib/gcc/x86_64-pc-linux-gnu/8.5.0/../../../../include/c++/8.5.0/backward]
  ignore line: [ /opt/gcc-8.5/lib/gcc/x86_64-pc-linux-gnu/8.5.0/include]
  ignore line: [ /usr/local/include]
  ignore line: [ /opt/gcc-8.5/include]
  ignore line: [ /opt/gcc-8.5/lib/gcc/x86_64-pc-linux-gnu/8.5.0/include-fixed]
  ignore line: [ /usr/include]
  ignore line: [End of search list.]
  ignore line: [COMPILER_PATH=/opt/gcc-8.5/libexec/gcc/x86_64-pc-linux-gnu/8.5.0/:/opt/gcc-8.5/libexec/gcc/x86_64-pc-linux-gnu/8.5.0/:/opt/gcc-8.5/libexec/gcc/x86_64-pc-linux-gnu/:/opt/gcc-8.5/lib/gcc/x86_64-pc-linux-gnu/8.5.0/:/opt/gcc-8.5/lib/gcc/x86_64-pc-linux-gnu/]
  ignore line: [LIBRARY_PATH=/opt/gcc-8.5/lib/gcc/x86_64-pc-linux-gnu/8.5.0/:/opt/gcc-8.5/lib/gcc/x86_64-pc-linux-gnu/8.5.0/../../../../lib64/:/lib/../lib64/:/usr/lib/../lib64/:/opt/gcc-8.5/lib/gcc/x86_64-pc-linux-gnu/8.5.0/../../../:/lib/:/usr/lib/]
  ignore line: [COLLECT_GCC_OPTIONS='-D' '__CUDA_ARCH__=520' '-E' '-D' 'CUDA_DOUBLE_MATH_FUNCTIONS' '-D' '__CUDACC__' '-D' '__NVCC__' '-v' '-I' '/usr/local/cuda/bin/../targets/x86_64-linux/include' '-D' '__CUDACC_VER_MAJOR__=11' '-D' '__CUDACC_VER_MINOR__=2' '-D' '__CUDACC_VER_BUILD__=67' '-D' '__CUDA_API_VER_MAJOR__=11' '-D' '__CUDA_API_VER_MINOR__=2' '-include' 'cuda_runtime.h' '-m64' '-o' '/tmp/tmpxft_00002181_00000000-7_CMakeCUDACompilerABI.cpp1.ii' '-mtune=generic' '-march=x86-64']
  ignore line: [Using built-in specs.]
  ignore line: [COLLECT_GCC=gcc]
  ignore line: [Target: x86_64-pc-linux-gnu]
  ignore line: [Configured with: ../gcc-8.5.0/configure --prefix=/opt/gcc-8.5 --enable-languages=c c++ --disable-multilib]
  ignore line: [Thread model: posix]
  ignore line: [gcc version 8.5.0 (GCC) ]
  ignore line: [COLLECT_GCC_OPTIONS='-E' '-D' '__CUDACC__' '-D' '__NVCC__' '-v' '-I' '/usr/local/cuda/bin/../targets/x86_64-linux/include' '-D' '__CUDACC_VER_MAJOR__=11' '-D' '__CUDACC_VER_MINOR__=2' '-D' '__CUDACC_VER_BUILD__=67' '-D' '__CUDA_API_VER_MAJOR__=11' '-D' '__CUDA_API_VER_MINOR__=2' '-include' 'cuda_runtime.h' '-m64' '-o' '/tmp/tmpxft_00002181_00000000-5_CMakeCUDACompilerABI.cpp4.ii' '-mtune=generic' '-march=x86-64']
  ignore line: [ /opt/gcc-8.5/libexec/gcc/x86_64-pc-linux-gnu/8.5.0/cc1plus -E -quiet -v -I /usr/local/cuda/bin/../targets/x86_64-linux/include -D_GNU_SOURCE -D __CUDACC__ -D __NVCC__ -D __CUDACC_VER_MAJOR__=11 -D __CUDACC_VER_MINOR__=2 -D __CUDACC_VER_BUILD__=67 -D __CUDA_API_VER_MAJOR__=11 -D __CUDA_API_VER_MINOR__=2 -include cuda_runtime.h /opt/cmake-3.20/share/cmake-3.20/Modules/CMakeCUDACompilerABI.cu -o /tmp/tmpxft_00002181_00000000-5_CMakeCUDACompilerABI.cpp4.ii -m64 -mtune=generic -march=x86-64]
  ignore line: [ignoring nonexistent directory "/opt/gcc-8.5/lib/gcc/x86_64-pc-linux-gnu/8.5.0/../../../../x86_64-pc-linux-gnu/include"]
  ignore line: [#include "..." search starts here:]
  ignore line: [#include <...> search starts here:]
  ignore line: [ /usr/local/cuda/bin/../targets/x86_64-linux/include]
  ignore line: [ /opt/gcc-8.5/lib/gcc/x86_64-pc-linux-gnu/8.5.0/../../../../include/c++/8.5.0]
  ignore line: [ /opt/gcc-8.5/lib/gcc/x86_64-pc-linux-gnu/8.5.0/../../../../include/c++/8.5.0/x86_64-pc-linux-gnu]
  ignore line: [ /opt/gcc-8.5/lib/gcc/x86_64-pc-linux-gnu/8.5.0/../../../../include/c++/8.5.0/backward]
  ignore line: [ /opt/gcc-8.5/lib/gcc/x86_64-pc-linux-gnu/8.5.0/include]
  ignore line: [ /usr/local/include]
  ignore line: [ /opt/gcc-8.5/include]
  ignore line: [ /opt/gcc-8.5/lib/gcc/x86_64-pc-linux-gnu/8.5.0/include-fixed]
  ignore line: [ /usr/include]
  ignore line: [End of search list.]
  ignore line: [COMPILER_PATH=/opt/gcc-8.5/libexec/gcc/x86_64-pc-linux-gnu/8.5.0/:/opt/gcc-8.5/libexec/gcc/x86_64-pc-linux-gnu/8.5.0/:/opt/gcc-8.5/libexec/gcc/x86_64-pc-linux-gnu/:/opt/gcc-8.5/lib/gcc/x86_64-pc-linux-gnu/8.5.0/:/opt/gcc-8.5/lib/gcc/x86_64-pc-linux-gnu/]
  ignore line: [LIBRARY_PATH=/opt/gcc-8.5/lib/gcc/x86_64-pc-linux-gnu/8.5.0/:/opt/gcc-8.5/lib/gcc/x86_64-pc-linux-gnu/8.5.0/../../../../lib64/:/lib/../lib64/:/usr/lib/../lib64/:/opt/gcc-8.5/lib/gcc/x86_64-pc-linux-gnu/8.5.0/../../../:/lib/:/usr/lib/]
  ignore line: [COLLECT_GCC_OPTIONS='-E' '-D' '__CUDACC__' '-D' '__NVCC__' '-v' '-I' '/usr/local/cuda/bin/../targets/x86_64-linux/include' '-D' '__CUDACC_VER_MAJOR__=11' '-D' '__CUDACC_VER_MINOR__=2' '-D' '__CUDACC_VER_BUILD__=67' '-D' '__CUDA_API_VER_MAJOR__=11' '-D' '__CUDA_API_VER_MINOR__=2' '-include' 'cuda_runtime.h' '-m64' '-o' '/tmp/tmpxft_00002181_00000000-5_CMakeCUDACompilerABI.cpp4.ii' '-mtune=generic' '-march=x86-64']
  ignore line: [Using built-in specs.]
  ignore line: [COLLECT_GCC=gcc]
  ignore line: [Target: x86_64-pc-linux-gnu]
  ignore line: [Configured with: ../gcc-8.5.0/configure --prefix=/opt/gcc-8.5 --enable-languages=c c++ --disable-multilib]
  ignore line: [Thread model: posix]
  ignore line: [gcc version 8.5.0 (GCC) ]
  ignore line: [COLLECT_GCC_OPTIONS='-D' '__CUDA_ARCH__=520' '-c' '-D' 'CUDA_DOUBLE_MATH_FUNCTIONS' '-v' '-I' '/usr/local/cuda/bin/../targets/x86_64-linux/include' '-m64' '-o' 'CMakeFiles/cmTC_36b66.dir/CMakeCUDACompilerABI.cu.o' '-mtune=generic' '-march=x86-64']
  ignore line: [ /opt/gcc-8.5/libexec/gcc/x86_64-pc-linux-gnu/8.5.0/cc1plus -quiet -v -I /usr/local/cuda/bin/../targets/x86_64-linux/include -D_GNU_SOURCE -D __CUDA_ARCH__=520 -D CUDA_DOUBLE_MATH_FUNCTIONS /tmp/tmpxft_00002181_00000000-6_CMakeCUDACompilerABI.cudafe1.cpp -quiet -dumpbase tmpxft_00002181_00000000-6_CMakeCUDACompilerABI.cudafe1.cpp -m64 -mtune=generic -march=x86-64 -auxbase-strip CMakeFiles/cmTC_36b66.dir/CMakeCUDACompilerABI.cu.o -version -o /tmp/ccYkCM9f.s]
  ignore line: [GNU C++14 (GCC) version 8.5.0 (x86_64-pc-linux-gnu)]
  ignore line: [	compiled by GNU C version 8.5.0  GMP version 6.1.0  MPFR version 3.1.4  MPC version 1.0.3  isl version isl-0.18-GMP]
  ignore line: []
  ignore line: [GGC heuristics: --param ggc-min-expand=100 --param ggc-min-heapsize=131072]
  ignore line: [ignoring nonexistent directory "/opt/gcc-8.5/lib/gcc/x86_64-pc-linux-gnu/8.5.0/../../../../x86_64-pc-linux-gnu/include"]
  ignore line: [#include "..." search starts here:]
  ignore line: [#include <...> search starts here:]
  ignore line: [ /usr/local/cuda/bin/../targets/x86_64-linux/include]
  ignore line: [ /opt/gcc-8.5/lib/gcc/x86_64-pc-linux-gnu/8.5.0/../../../../include/c++/8.5.0]
  ignore line: [ /opt/gcc-8.5/lib/gcc/x86_64-pc-linux-gnu/8.5.0/../../../../include/c++/8.5.0/x86_64-pc-linux-gnu]
  ignore line: [ /opt/gcc-8.5/lib/gcc/x86_64-pc-linux-gnu/8.5.0/../../../../include/c++/8.5.0/backward]
  ignore line: [ /opt/gcc-8.5/lib/gcc/x86_64-pc-linux-gnu/8.5.0/include]
  ignore line: [ /usr/local/include]
  ignore line: [ /opt/gcc-8.5/include]
  ignore line: [ /opt/gcc-8.5/lib/gcc/x86_64-pc-linux-gnu/8.5.0/include-fixed]
  ignore line: [ /usr/include]
  ignore line: [End of search list.]
  ignore line: [GNU C++14 (GCC) version 8.5.0 (x86_64-pc-linux-gnu)]
  ignore line: [	compiled by GNU C version 8.5.0  GMP version 6.1.0  MPFR version 3.1.4  MPC version 1.0.3  isl version isl-0.18-GMP]
  ignore line: []
  ignore line: [GGC heuristics: --param ggc-min-expand=100 --param ggc-min-heapsize=131072]
  ignore line: [Compiler executable checksum: 631063b1f96afbeb3d4300019ed27981]
  ignore line: [COLLECT_GCC_OPTIONS='-D' '__CUDA_ARCH__=520' '-c' '-D' 'CUDA_DOUBLE_MATH_FUNCTIONS' '-v' '-I' '/usr/local/cuda/bin/../targets/x86_64-linux/include' '-m64' '-o' 'CMakeFiles/cmTC_36b66.dir/CMakeCUDACompilerABI.cu.o' '-mtune=generic' '-march=x86-64']
  ignore line: [ as -v -I /usr/local/cuda/bin/../targets/x86_64-linux/include --64 -o CMakeFiles/cmTC_36b66.dir/CMakeCUDACompilerABI.cu.o /tmp/ccYkCM9f.s]
  ignore line: [GNU assembler version 2.27 (x86_64-redhat-linux) using BFD version version 2.27-44.base.el7_9.1]
  ignore line: [COMPILER_PATH=/opt/gcc-8.5/libexec/gcc/x86_64-pc-linux-gnu/8.5.0/:/opt/gcc-8.5/libexec/gcc/x86_64-pc-linux-gnu/8.5.0/:/opt/gcc-8.5/libexec/gcc/x86_64-pc-linux-gnu/:/opt/gcc-8.5/lib/gcc/x86_64-pc-linux-gnu/8.5.0/:/opt/gcc-8.5/lib/gcc/x86_64-pc-linux-gnu/]
  ignore line: [LIBRARY_PATH=/opt/gcc-8.5/lib/gcc/x86_64-pc-linux-gnu/8.5.0/:/opt/gcc-8.5/lib/gcc/x86_64-pc-linux-gnu/8.5.0/../../../../lib64/:/lib/../lib64/:/usr/lib/../lib64/:/opt/gcc-8.5/lib/gcc/x86_64-pc-linux-gnu/8.5.0/../../../:/lib/:/usr/lib/]
  ignore line: [COLLECT_GCC_OPTIONS='-D' '__CUDA_ARCH__=520' '-c' '-D' 'CUDA_DOUBLE_MATH_FUNCTIONS' '-v' '-I' '/usr/local/cuda/bin/../targets/x86_64-linux/include' '-m64' '-o' 'CMakeFiles/cmTC_36b66.dir/CMakeCUDACompilerABI.cu.o' '-mtune=generic' '-march=x86-64']
  ignore line: [Linking CUDA executable cmTC_36b66]
  ignore line: [/opt/cmake-3.20/bin/cmake -E cmake_link_script CMakeFiles/cmTC_36b66.dir/link.txt --verbose=1]
  ignore line: [/usr/bin/g++  -v CMakeFiles/cmTC_36b66.dir/CMakeCUDACompilerABI.cu.o -o cmTC_36b66  -lcudadevrt -lcudart_static -lrt -lpthread -ldl  -L"/usr/local/cuda/targets/x86_64-linux/lib/stubs" -L"/usr/local/cuda/targets/x86_64-linux/lib"]
  ignore line: [Using built-in specs.]
  ignore line: [COLLECT_GCC=/usr/bin/g++]
  ignore line: [COLLECT_LTO_WRAPPER=/opt/gcc-8.5/libexec/gcc/x86_64-pc-linux-gnu/8.5.0/lto-wrapper]
  ignore line: [Target: x86_64-pc-linux-gnu]
  ignore line: [Configured with: ../gcc-8.5.0/configure --prefix=/opt/gcc-8.5 --enable-languages=c c++ --disable-multilib]
  ignore line: [Thread model: posix]
  ignore line: [gcc version 8.5.0 (GCC) ]
  ignore line: [COMPILER_PATH=/opt/gcc-8.5/libexec/gcc/x86_64-pc-linux-gnu/8.5.0/:/opt/gcc-8.5/libexec/gcc/x86_64-pc-linux-gnu/8.5.0/:/opt/gcc-8.5/libexec/gcc/x86_64-pc-linux-gnu/:/opt/gcc-8.5/lib/gcc/x86_64-pc-linux-gnu/8.5.0/:/opt/gcc-8.5/lib/gcc/x86_64-pc-linux-gnu/]
  ignore line: [LIBRARY_PATH=/opt/gcc-8.5/lib/gcc/x86_64-pc-linux-gnu/8.5.0/:/opt/gcc-8.5/lib/gcc/x86_64-pc-linux-gnu/8.5.0/../../../../lib64/:/lib/../lib64/:/usr/lib/../lib64/:/opt/gcc-8.5/lib/gcc/x86_64-pc-linux-gnu/8.5.0/../../../:/lib/:/usr/lib/]
  ignore line: [COLLECT_GCC_OPTIONS='-v' '-o' 'cmTC_36b66' '-L/usr/local/cuda/targets/x86_64-linux/lib/stubs' '-L/usr/local/cuda/targets/x86_64-linux/lib' '-shared-libgcc' '-mtune=generic' '-march=x86-64']
  link line: [ /opt/gcc-8.5/libexec/gcc/x86_64-pc-linux-gnu/8.5.0/collect2 -plugin /opt/gcc-8.5/libexec/gcc/x86_64-pc-linux-gnu/8.5.0/liblto_plugin.so -plugin-opt=/opt/gcc-8.5/libexec/gcc/x86_64-pc-linux-gnu/8.5.0/lto-wrapper -plugin-opt=-fresolution=/tmp/ccEKXlDs.res -plugin-opt=-pass-through=-lgcc_s -plugin-opt=-pass-through=-lgcc -plugin-opt=-pass-through=-lc -plugin-opt=-pass-through=-lgcc_s -plugin-opt=-pass-through=-lgcc --eh-frame-hdr -m elf_x86_64 -dynamic-linker /lib64/ld-linux-x86-64.so.2 -o cmTC_36b66 /lib/../lib64/crt1.o /lib/../lib64/crti.o /opt/gcc-8.5/lib/gcc/x86_64-pc-linux-gnu/8.5.0/crtbegin.o -L/usr/local/cuda/targets/x86_64-linux/lib/stubs -L/usr/local/cuda/targets/x86_64-linux/lib -L/opt/gcc-8.5/lib/gcc/x86_64-pc-linux-gnu/8.5.0 -L/opt/gcc-8.5/lib/gcc/x86_64-pc-linux-gnu/8.5.0/../../../../lib64 -L/lib/../lib64 -L/usr/lib/../lib64 -L/opt/gcc-8.5/lib/gcc/x86_64-pc-linux-gnu/8.5.0/../../.. CMakeFiles/cmTC_36b66.dir/CMakeCUDACompilerABI.cu.o -lcudadevrt -lcudart_static -lrt -lpthread -ldl -lstdc++ -lm -lgcc_s -lgcc -lc -lgcc_s -lgcc /opt/gcc-8.5/lib/gcc/x86_64-pc-linux-gnu/8.5.0/crtend.o /lib/../lib64/crtn.o]
    arg [/opt/gcc-8.5/libexec/gcc/x86_64-pc-linux-gnu/8.5.0/collect2] ==> ignore
    arg [-plugin] ==> ignore
    arg [/opt/gcc-8.5/libexec/gcc/x86_64-pc-linux-gnu/8.5.0/liblto_plugin.so] ==> ignore
    arg [-plugin-opt=/opt/gcc-8.5/libexec/gcc/x86_64-pc-linux-gnu/8.5.0/lto-wrapper] ==> ignore
    arg [-plugin-opt=-fresolution=/tmp/ccEKXlDs.res] ==> ignore
    arg [-plugin-opt=-pass-through=-lgcc_s] ==> ignore
    arg [-plugin-opt=-pass-through=-lgcc] ==> ignore
    arg [-plugin-opt=-pass-through=-lc] ==> ignore
    arg [-plugin-opt=-pass-through=-lgcc_s] ==> ignore
    arg [-plugin-opt=-pass-through=-lgcc] ==> ignore
    arg [--eh-frame-hdr] ==> ignore
    arg [-m] ==> ignore
    arg [elf_x86_64] ==> ignore
    arg [-dynamic-linker] ==> ignore
    arg [/lib64/ld-linux-x86-64.so.2] ==> ignore
    arg [-o] ==> ignore
    arg [cmTC_36b66] ==> ignore
    arg [/lib/../lib64/crt1.o] ==> obj [/lib/../lib64/crt1.o]
    arg [/lib/../lib64/crti.o] ==> obj [/lib/../lib64/crti.o]
    arg [/opt/gcc-8.5/lib/gcc/x86_64-pc-linux-gnu/8.5.0/crtbegin.o] ==> obj [/opt/gcc-8.5/lib/gcc/x86_64-pc-linux-gnu/8.5.0/crtbegin.o]
    arg [-L/usr/local/cuda/targets/x86_64-linux/lib/stubs] ==> dir [/usr/local/cuda/targets/x86_64-linux/lib/stubs]
    arg [-L/usr/local/cuda/targets/x86_64-linux/lib] ==> dir [/usr/local/cuda/targets/x86_64-linux/lib]
    arg [-L/opt/gcc-8.5/lib/gcc/x86_64-pc-linux-gnu/8.5.0] ==> dir [/opt/gcc-8.5/lib/gcc/x86_64-pc-linux-gnu/8.5.0]
    arg [-L/opt/gcc-8.5/lib/gcc/x86_64-pc-linux-gnu/8.5.0/../../../../lib64] ==> dir [/opt/gcc-8.5/lib/gcc/x86_64-pc-linux-gnu/8.5.0/../../../../lib64]
    arg [-L/lib/../lib64] ==> dir [/lib/../lib64]
    arg [-L/usr/lib/../lib64] ==> dir [/usr/lib/../lib64]
    arg [-L/opt/gcc-8.5/lib/gcc/x86_64-pc-linux-gnu/8.5.0/../../..] ==> dir [/opt/gcc-8.5/lib/gcc/x86_64-pc-linux-gnu/8.5.0/../../..]
    arg [CMakeFiles/cmTC_36b66.dir/CMakeCUDACompilerABI.cu.o] ==> ignore
    arg [-lcudadevrt] ==> lib [cudadevrt]
    arg [-lcudart_static] ==> lib [cudart_static]
    arg [-lrt] ==> lib [rt]
    arg [-lpthread] ==> lib [pthread]
    arg [-ldl] ==> lib [dl]
    arg [-lstdc++] ==> lib [stdc++]
    arg [-lm] ==> lib [m]
    arg [-lgcc_s] ==> lib [gcc_s]
    arg [-lgcc] ==> lib [gcc]
    arg [-lc] ==> lib [c]
    arg [-lgcc_s] ==> lib [gcc_s]
    arg [-lgcc] ==> lib [gcc]
    arg [/opt/gcc-8.5/lib/gcc/x86_64-pc-linux-gnu/8.5.0/crtend.o] ==> obj [/opt/gcc-8.5/lib/gcc/x86_64-pc-linux-gnu/8.5.0/crtend.o]
    arg [/lib/../lib64/crtn.o] ==> obj [/lib/../lib64/crtn.o]
  collapse obj [/lib/../lib64/crt1.o] ==> [/lib64/crt1.o]
  collapse obj [/lib/../lib64/crti.o] ==> [/lib64/crti.o]
  collapse obj [/lib/../lib64/crtn.o] ==> [/lib64/crtn.o]
  collapse library dir [/usr/local/cuda/targets/x86_64-linux/lib/stubs] ==> [/usr/local/cuda/targets/x86_64-linux/lib/stubs]
  collapse library dir [/usr/local/cuda/targets/x86_64-linux/lib] ==> [/usr/local/cuda/targets/x86_64-linux/lib]
  collapse library dir [/opt/gcc-8.5/lib/gcc/x86_64-pc-linux-gnu/8.5.0] ==> [/opt/gcc-8.5/lib/gcc/x86_64-pc-linux-gnu/8.5.0]
  collapse library dir [/opt/gcc-8.5/lib/gcc/x86_64-pc-linux-gnu/8.5.0/../../../../lib64] ==> [/opt/gcc-8.5/lib64]
  collapse library dir [/lib/../lib64] ==> [/lib64]
  collapse library dir [/usr/lib/../lib64] ==> [/usr/lib64]
  collapse library dir [/opt/gcc-8.5/lib/gcc/x86_64-pc-linux-gnu/8.5.0/../../..] ==> [/opt/gcc-8.5/lib]
  implicit libs: [cudadevrt;cudart_static;rt;pthread;dl;stdc++;m;gcc_s;gcc;c;gcc_s;gcc]
  implicit objs: [/lib64/crt1.o;/lib64/crti.o;/opt/gcc-8.5/lib/gcc/x86_64-pc-linux-gnu/8.5.0/crtbegin.o;/opt/gcc-8.5/lib/gcc/x86_64-pc-linux-gnu/8.5.0/crtend.o;/lib64/crtn.o]
  implicit dirs: [/usr/local/cuda/targets/x86_64-linux/lib/stubs;/usr/local/cuda/targets/x86_64-linux/lib;/opt/gcc-8.5/lib/gcc/x86_64-pc-linux-gnu/8.5.0;/opt/gcc-8.5/lib64;/lib64;/usr/lib64;/opt/gcc-8.5/lib]
  implicit fwks: []


