Compiling the CUDA compiler identification source file "CMakeCUDACompilerId.cu" failed.
Compiler: /usr/local/cuda/bin/nvcc 
Build flags: 
Id flags: --keep;--keep-dir;tmp -v

The output was:
1
#$ _NVVM_BRANCH_=nvvm
#$ _SPACE_= 
#$ _CUDART_=cudart
#$ _HERE_=/usr/local/cuda/bin
#$ _THERE_=/usr/local/cuda/bin
#$ _TARGET_SIZE_=
#$ _TARGET_DIR_=
#$ _TARGET_DIR_=targets/x86_64-linux
#$ TOP=/usr/local/cuda/bin/..
#$ NVVMIR_LIBRARY_DIR=/usr/local/cuda/bin/../nvvm/libdevice
#$ LD_LIBRARY_PATH=/usr/local/cuda/bin/../lib:/usr/local/cuda/lib64:/usr/local/cuda/lib64:
#$ PATH=/usr/local/cuda/bin/../nvvm/bin:/usr/local/cuda/bin:/usr/local/cuda/bin:/usr/local/sbin:/usr/local/bin:/usr/sbin:/usr/bin:/root/bin:/usr/local/go/bin:/usr/local/cuda/include/
#$ INCLUDES="-I/usr/local/cuda/bin/../targets/x86_64-linux/include"  
#$ LIBRARIES=  "-L/usr/local/cuda/bin/../targets/x86_64-linux/lib/stubs" "-L/usr/local/cuda/bin/../targets/x86_64-linux/lib"
#$ CUDAFE_FLAGS=
#$ PTXAS_FLAGS=
#$ rm tmp/a_dlink.reg.c
#$ gcc -D__CUDA_ARCH__=520 -E -x c++  -DCUDA_DOUBLE_MATH_FUNCTIONS -D__CUDACC__ -D__NVCC__  "-I/usr/local/cuda/bin/../targets/x86_64-linux/include"    -D__CUDACC_VER_MAJOR__=11 -D__CUDACC_VER_MINOR__=2 -D__CUDACC_VER_BUILD__=67 -D__CUDA_API_VER_MAJOR__=11 -D__CUDA_API_VER_MINOR__=2 -include "cuda_runtime.h" -m64 "CMakeCUDACompilerId.cu" -o "tmp/CMakeCUDACompilerId.cpp1.ii" 
In file included from /usr/local/cuda/bin/../targets/x86_64-linux/include/cuda_runtime.h:83,
                 from <command-line>:
/usr/local/cuda/bin/../targets/x86_64-linux/include/crt/host_config.h:139:2: error: #error -- unsupported GNU version! gcc versions later than 10 are not supported! The nvcc flag '-allow-unsupported-compiler' can be used to override this version check; however, using an unsupported host compiler may cause compilation failure or incorrect run time execution. Use at your own risk.
  139 | #error -- unsupported GNU version! gcc versions later than 10 are not supported! The nvcc flag '-allow-unsupported-compiler' can be used to override this version check; however, using an unsupported host compiler may cause compilation failure or incorrect run time execution. Use at your own risk.
      |  ^~~~~
# --error 0x1 --


Compiling the CUDA compiler identification source file "CMakeCUDACompilerId.cu" failed.
Compiler: /usr/local/cuda/bin/nvcc 
Build flags: 
Id flags:  -v

The output was:
1
#$ _NVVM_BRANCH_=nvvm
#$ _SPACE_= 
#$ _CUDART_=cudart
#$ _HERE_=/usr/local/cuda/bin
#$ _THERE_=/usr/local/cuda/bin
#$ _TARGET_SIZE_=
#$ _TARGET_DIR_=
#$ _TARGET_DIR_=targets/x86_64-linux
#$ TOP=/usr/local/cuda/bin/..
#$ NVVMIR_LIBRARY_DIR=/usr/local/cuda/bin/../nvvm/libdevice
#$ LD_LIBRARY_PATH=/usr/local/cuda/bin/../lib:/usr/local/cuda/lib64:/usr/local/cuda/lib64:
#$ PATH=/usr/local/cuda/bin/../nvvm/bin:/usr/local/cuda/bin:/usr/local/cuda/bin:/usr/local/sbin:/usr/local/bin:/usr/sbin:/usr/bin:/root/bin:/usr/local/go/bin:/usr/local/cuda/include/
#$ INCLUDES="-I/usr/local/cuda/bin/../targets/x86_64-linux/include"  
#$ LIBRARIES=  "-L/usr/local/cuda/bin/../targets/x86_64-linux/lib/stubs" "-L/usr/local/cuda/bin/../targets/x86_64-linux/lib"
#$ CUDAFE_FLAGS=
#$ PTXAS_FLAGS=
#$ gcc -D__CUDA_ARCH__=520 -E -x c++  -DCUDA_DOUBLE_MATH_FUNCTIONS -D__CUDACC__ -D__NVCC__  "-I/usr/local/cuda/bin/../targets/x86_64-linux/include"    -D__CUDACC_VER_MAJOR__=11 -D__CUDACC_VER_MINOR__=2 -D__CUDACC_VER_BUILD__=67 -D__CUDA_API_VER_MAJOR__=11 -D__CUDA_API_VER_MINOR__=2 -include "cuda_runtime.h" -m64 "CMakeCUDACompilerId.cu" -o "/tmp/tmpxft_00002134_00000000-9_CMakeCUDACompilerId.cpp1.ii" 
In file included from /usr/local/cuda/bin/../targets/x86_64-linux/include/cuda_runtime.h:83,
                 from <command-line>:
/usr/local/cuda/bin/../targets/x86_64-linux/include/crt/host_config.h:139:2: error: #error -- unsupported GNU version! gcc versions later than 10 are not supported! The nvcc flag '-allow-unsupported-compiler' can be used to override this version check; however, using an unsupported host compiler may cause compilation failure or incorrect run time execution. Use at your own risk.
  139 | #error -- unsupported GNU version! gcc versions later than 10 are not supported! The nvcc flag '-allow-unsupported-compiler' can be used to override this version check; however, using an unsupported host compiler may cause compilation failure or incorrect run time execution. Use at your own risk.
      |  ^~~~~
# --error 0x1 --


Compiling the CUDA compiler identification source file "CMakeCUDACompilerId.cu" failed.
Compiler: /usr/local/cuda/bin/nvcc 
Build flags: 
Id flags: --keep;--keep-dir;tmp -v

The output was:
1
#$ _NVVM_BRANCH_=nvvm
#$ _SPACE_= 
#$ _CUDART_=cudart
#$ _HERE_=/usr/local/cuda/bin
#$ _THERE_=/usr/local/cuda/bin
#$ _TARGET_SIZE_=
#$ _TARGET_DIR_=
#$ _TARGET_DIR_=targets/x86_64-linux
#$ TOP=/usr/local/cuda/bin/..
#$ NVVMIR_LIBRARY_DIR=/usr/local/cuda/bin/../nvvm/libdevice
#$ LD_LIBRARY_PATH=/usr/local/cuda/bin/../lib:/usr/local/cuda/lib64:/usr/local/cuda/lib64:
#$ PATH=/usr/local/cuda/bin/../nvvm/bin:/usr/local/cuda/bin:/usr/local/cuda/bin:/usr/local/sbin:/usr/local/bin:/usr/sbin:/usr/bin:/root/bin:/usr/local/go/bin:/usr/local/cuda/include/
#$ INCLUDES="-I/usr/local/cuda/bin/../targets/x86_64-linux/include"  
#$ LIBRARIES=  "-L/usr/local/cuda/bin/../targets/x86_64-linux/lib/stubs" "-L/usr/local/cuda/bin/../targets/x86_64-linux/lib"
#$ CUDAFE_FLAGS=
#$ PTXAS_FLAGS=
#$ rm tmp/a_dlink.reg.c
#$ gcc -D__CUDA_ARCH__=520 -E -x c++  -DCUDA_DOUBLE_MATH_FUNCTIONS -D__CUDACC__ -D__NVCC__  "-I/usr/local/cuda/bin/../targets/x86_64-linux/include"    -D__CUDACC_VER_MAJOR__=11 -D__CUDACC_VER_MINOR__=2 -D__CUDACC_VER_BUILD__=67 -D__CUDA_API_VER_MAJOR__=11 -D__CUDA_API_VER_MINOR__=2 -include "cuda_runtime.h" -m64 "CMakeCUDACompilerId.cu" -o "tmp/CMakeCUDACompilerId.cpp1.ii" 
In file included from /usr/local/cuda/bin/../targets/x86_64-linux/include/cuda_runtime.h:83,
                 from <command-line>:
/usr/local/cuda/bin/../targets/x86_64-linux/include/crt/host_config.h:139:2: error: #error -- unsupported GNU version! gcc versions later than 10 are not supported! The nvcc flag '-allow-unsupported-compiler' can be used to override this version check; however, using an unsupported host compiler may cause compilation failure or incorrect run time execution. Use at your own risk.
  139 | #error -- unsupported GNU version! gcc versions later than 10 are not supported! The nvcc flag '-allow-unsupported-compiler' can be used to override this version check; however, using an unsupported host compiler may cause compilation failure or incorrect run time execution. Use at your own risk.
      |  ^~~~~
# --error 0x1 --


Compiling the CUDA compiler identification source file "CMakeCUDACompilerId.cu" failed.
Compiler: /usr/local/cuda/bin/nvcc 
Build flags: 
Id flags:  -v

The output was:
1
#$ _NVVM_BRANCH_=nvvm
#$ _SPACE_= 
#$ _CUDART_=cudart
#$ _HERE_=/usr/local/cuda/bin
#$ _THERE_=/usr/local/cuda/bin
#$ _TARGET_SIZE_=
#$ _TARGET_DIR_=
#$ _TARGET_DIR_=targets/x86_64-linux
#$ TOP=/usr/local/cuda/bin/..
#$ NVVMIR_LIBRARY_DIR=/usr/local/cuda/bin/../nvvm/libdevice
#$ LD_LIBRARY_PATH=/usr/local/cuda/bin/../lib:/usr/local/cuda/lib64:/usr/local/cuda/lib64:
#$ PATH=/usr/local/cuda/bin/../nvvm/bin:/usr/local/cuda/bin:/usr/local/cuda/bin:/usr/local/sbin:/usr/local/bin:/usr/sbin:/usr/bin:/root/bin:/usr/local/go/bin:/usr/local/cuda/include/
#$ INCLUDES="-I/usr/local/cuda/bin/../targets/x86_64-linux/include"  
#$ LIBRARIES=  "-L/usr/local/cuda/bin/../targets/x86_64-linux/lib/stubs" "-L/usr/local/cuda/bin/../targets/x86_64-linux/lib"
#$ CUDAFE_FLAGS=
#$ PTXAS_FLAGS=
#$ gcc -D__CUDA_ARCH__=520 -E -x c++  -DCUDA_DOUBLE_MATH_FUNCTIONS -D__CUDACC__ -D__NVCC__  "-I/usr/local/cuda/bin/../targets/x86_64-linux/include"    -D__CUDACC_VER_MAJOR__=11 -D__CUDACC_VER_MINOR__=2 -D__CUDACC_VER_BUILD__=67 -D__CUDA_API_VER_MAJOR__=11 -D__CUDA_API_VER_MINOR__=2 -include "cuda_runtime.h" -m64 "CMakeCUDACompilerId.cu" -o "/tmp/tmpxft_0000213e_00000000-9_CMakeCUDACompilerId.cpp1.ii" 
In file included from /usr/local/cuda/bin/../targets/x86_64-linux/include/cuda_runtime.h:83,
                 from <command-line>:
/usr/local/cuda/bin/../targets/x86_64-linux/include/crt/host_config.h:139:2: error: #error -- unsupported GNU version! gcc versions later than 10 are not supported! The nvcc flag '-allow-unsupported-compiler' can be used to override this version check; however, using an unsupported host compiler may cause compilation failure or incorrect run time execution. Use at your own risk.
  139 | #error -- unsupported GNU version! gcc versions later than 10 are not supported! The nvcc flag '-allow-unsupported-compiler' can be used to override this version check; however, using an unsupported host compiler may cause compilation failure or incorrect run time execution. Use at your own risk.
      |  ^~~~~
# --error 0x1 --


Checking whether the CUDA compiler is NVIDIA using "" did not match "nvcc: NVIDIA \(R\) Cuda compiler driver":
nvcc fatal   : No input files specified; use option --help for more information
Checking whether the CUDA compiler is Clang using "" did not match "(clang version)":
nvcc fatal   : No input files specified; use option --help for more information
Checking whether the CUDA compiler is NVIDIA using "" did not match "nvcc: NVIDIA \(R\) Cuda compiler driver":
nvcc fatal   : No input files specified; use option --help for more information
Checking whether the CUDA compiler is Clang using "" did not match "(clang version)":
nvcc fatal   : No input files specified; use option --help for more information
Detecting CUDA compiler ABI info failed to compile with the following output:
Change Dir: /home/starplat/baselines/DRONE2/DRONE/src/cuda/build/CMakeFiles/CMakeTmp

Run Build Command(s):/usr/bin/gmake -f Makefile cmTC_20380/fast && /usr/bin/gmake  -f CMakeFiles/cmTC_20380.dir/build.make CMakeFiles/cmTC_20380.dir/build
gmake[1]: Entering directory `/home/starplat/baselines/DRONE2/DRONE/src/cuda/build/CMakeFiles/CMakeTmp'
Building CUDA object CMakeFiles/cmTC_20380.dir/CMakeCUDACompilerABI.cu.o
/usr/local/cuda/bin/nvcc      -c /opt/cmake-3.20/share/cmake-3.20/Modules/CMakeCUDACompilerABI.cu -o CMakeFiles/cmTC_20380.dir/CMakeCUDACompilerABI.cu.o
In file included from /usr/local/cuda/bin/../targets/x86_64-linux/include/cuda_runtime.h:83,
                 from <command-line>:
/usr/local/cuda/bin/../targets/x86_64-linux/include/crt/host_config.h:139:2: error: #error -- unsupported GNU version! gcc versions later than 10 are not supported! The nvcc flag '-allow-unsupported-compiler' can be used to override this version check; however, using an unsupported host compiler may cause compilation failure or incorrect run time execution. Use at your own risk.
  139 | #error -- unsupported GNU version! gcc versions later than 10 are not supported! The nvcc flag '-allow-unsupported-compiler' can be used to override this version check; however, using an unsupported host compiler may cause compilation failure or incorrect run time execution. Use at your own risk.
      |  ^~~~~
gmake[1]: *** [CMakeFiles/cmTC_20380.dir/CMakeCUDACompilerABI.cu.o] Error 1
gmake[1]: Leaving directory `/home/starplat/baselines/DRONE2/DRONE/src/cuda/build/CMakeFiles/CMakeTmp'
gmake: *** [cmTC_20380/fast] Error 2




Determining if the CUDA compiler works failed with the following output:
Change Dir: /home/starplat/baselines/DRONE2/DRONE/src/cuda/build/CMakeFiles/CMakeTmp

Run Build Command(s):/usr/bin/gmake -f Makefile cmTC_2c18a/fast && /usr/bin/gmake  -f CMakeFiles/cmTC_2c18a.dir/build.make CMakeFiles/cmTC_2c18a.dir/build
gmake[1]: Entering directory `/home/starplat/baselines/DRONE2/DRONE/src/cuda/build/CMakeFiles/CMakeTmp'
Building CUDA object CMakeFiles/cmTC_2c18a.dir/main.cu.o
/usr/local/cuda/bin/nvcc      -c /home/starplat/baselines/DRONE2/DRONE/src/cuda/build/CMakeFiles/CMakeTmp/main.cu -o CMakeFiles/cmTC_2c18a.dir/main.cu.o
In file included from /usr/local/cuda/bin/../targets/x86_64-linux/include/cuda_runtime.h:83,
                 from <command-line>:
/usr/local/cuda/bin/../targets/x86_64-linux/include/crt/host_config.h:139:2: error: #error -- unsupported GNU version! gcc versions later than 10 are not supported! The nvcc flag '-allow-unsupported-compiler' can be used to override this version check; however, using an unsupported host compiler may cause compilation failure or incorrect run time execution. Use at your own risk.
  139 | #error -- unsupported GNU version! gcc versions later than 10 are not supported! The nvcc flag '-allow-unsupported-compiler' can be used to override this version check; however, using an unsupported host compiler may cause compilation failure or incorrect run time execution. Use at your own risk.
      |  ^~~~~
gmake[1]: *** [CMakeFiles/cmTC_2c18a.dir/main.cu.o] Error 1
gmake[1]: Leaving directory `/home/starplat/baselines/DRONE2/DRONE/src/cuda/build/CMakeFiles/CMakeTmp'
gmake: *** [cmTC_2c18a/fast] Error 2



